// Jest Snapshot v1, https://goo.gl/fbAQLP

exports[`CartHeader it should match snapshot 1`] = `
<Styled(WithStyles(ForwardRef(Grid)))
  container={true}
>
  <Styled(WithStyles(ForwardRef(Grid)))
    item={true}
    xs={9}
  >
    <Styled(WithStyles(ForwardRef(Typography)))
      colortheme="mineShaft"
      fontSize={32}
      lineheight={48}
    >
      Your Cart
    </Styled(WithStyles(ForwardRef(Typography)))>
  </Styled(WithStyles(ForwardRef(Grid)))>
  <Styled(WithStyles(ForwardRef(Grid)))
    item={true}
    xs={3}
  >
    <HeadsetMicIcon />
    <Styled(WithStyles(ForwardRef(Typography)))
      colortheme="mineShaft"
      fontWeight="regular"
    >
      Need Help? Call 
      <WithStyles(ForwardRef(Link))
        href="tel: 1-800-555-019"
      >
        1-800-555-0199
      </WithStyles(ForwardRef(Link))>
    </Styled(WithStyles(ForwardRef(Typography)))>
  </Styled(WithStyles(ForwardRef(Grid)))>
</Styled(WithStyles(ForwardRef(Grid)))>
`;
